2016/07/14 16:59:40 /home/go/src/github.com/yudai/gotty/app/client_context.go:122: RemoteHost 172.20.14.29:49845 result 1
